{
  "version": "1.5.0",
  "plugins_used": [
    {
      "name": "ArtifactoryDetector"
    },
    {
      "name": "AWSKeyDetector"
    },
    {
      "name": "AzureStorageKeyDetector"
    },
    {
      "name": "Base64HighEntropyString",
      "limit": 4.5
    },
    {
      "name": "BasicAuthDetector"
    },
    {
      "name": "CloudantDetector"
    },
    {
      "name": "DiscordBotTokenDetector"
    },
    {
      "name": "GitHubTokenDetector"
    },
    {
      "name": "GitLabTokenDetector"
    },
    {
      "name": "HexHighEntropyString",
      "limit": 3.0
    },
    {
      "name": "IbmCloudIamDetector"
    },
    {
      "name": "IbmCosHmacDetector"
    },
    {
      "name": "IPPublicDetector"
    },
    {
      "name": "JwtTokenDetector"
    },
    {
      "name": "KeywordDetector",
      "keyword_exclude": ""
    },
    {
      "name": "MailchimpDetector"
    },
    {
      "name": "NpmDetector"
    },
    {
      "name": "OpenAIDetector"
    },
    {
      "name": "PrivateKeyDetector"
    },
    {
      "name": "PypiTokenDetector"
    },
    {
      "name": "SendGridDetector"
    },
    {
      "name": "SlackDetector"
    },
    {
      "name": "SoftlayerDetector"
    },
    {
      "name": "SquareOAuthDetector"
    },
    {
      "name": "StripeDetector"
    },
    {
      "name": "TelegramBotTokenDetector"
    },
    {
      "name": "TwilioKeyDetector"
    }
  ],
  "filters_used": [
    {
      "path": "detect_secrets.filters.allowlist.is_line_allowlisted"
    },
    {
      "path": "detect_secrets.filters.common.is_baseline_file",
      "filename": ".secrets.baseline"
    },
    {
      "path": "detect_secrets.filters.common.is_ignored_due_to_verification_policies",
      "min_level": 2
    },
    {
      "path": "detect_secrets.filters.heuristic.is_indirect_reference"
    },
    {
      "path": "detect_secrets.filters.heuristic.is_likely_id_string"
    },
    {
      "path": "detect_secrets.filters.heuristic.is_lock_file"
    },
    {
      "path": "detect_secrets.filters.heuristic.is_not_alphanumeric_string"
    },
    {
      "path": "detect_secrets.filters.heuristic.is_potential_uuid"
    },
    {
      "path": "detect_secrets.filters.heuristic.is_prefixed_with_dollar_sign"
    },
    {
      "path": "detect_secrets.filters.heuristic.is_sequential_string"
    },
    {
      "path": "detect_secrets.filters.heuristic.is_swagger_file"
    },
    {
      "path": "detect_secrets.filters.heuristic.is_templated_secret"
    }
  ],
  "results": {
    ".agents/agents/code-quality-auditor.md": [
      {
        "type": "Secret Keyword",
        "filename": ".agents/agents/code-quality-auditor.md",
        "hashed_secret": "3b647111f1b5ef3a71ea8739cc934f6348e89a79",
        "is_verified": false,
        "line_number": 75
      }
    ],
    ".agents/skills/API Fuzzing for Bug Bounty/SKILL.md": [
      {
        "type": "Secret Keyword",
        "filename": ".agents/skills/API Fuzzing for Bug Bounty/SKILL.md",
        "hashed_secret": "5baa61e4c9b93f3f0682250b6cf8331b7ee68fd8",
        "is_verified": false,
        "line_number": 210
      }
    ],
    ".agents/skills/Broken Authentication Testing/SKILL.md": [
      {
        "type": "JSON Web Token",
        "filename": ".agents/skills/Broken Authentication Testing/SKILL.md",
        "hashed_secret": "36e8cbcfeef5e1526bac9798cb5399a88b092168",
        "is_verified": false,
        "line_number": 432
      },
      {
        "type": "JSON Web Token",
        "filename": ".agents/skills/Broken Authentication Testing/SKILL.md",
        "hashed_secret": "ab4aeb3103642d923a4f388b0a42f9981bb9a0a9",
        "is_verified": false,
        "line_number": 441
      },
      {
        "type": "JSON Web Token",
        "filename": ".agents/skills/Broken Authentication Testing/SKILL.md",
        "hashed_secret": "e1279fbc8e9b55f15318f2530ccbfe5fd75d2741",
        "is_verified": false,
        "line_number": 444
      }
    ],
    ".agents/skills/Linux Production Shell Scripts/SKILL.md": [
      {
        "type": "Secret Keyword",
        "filename": ".agents/skills/Linux Production Shell Scripts/SKILL.md",
        "hashed_secret": "5baa61e4c9b93f3f0682250b6cf8331b7ee68fd8",
        "is_verified": false,
        "line_number": 80
      }
    ],
    ".agents/skills/MCP Integration/references/authentication.md": [
      {
        "type": "Secret Keyword",
        "filename": ".agents/skills/MCP Integration/references/authentication.md",
        "hashed_secret": "099696c60e7eb64daa7873b1e933b6a56cc85f34",
        "is_verified": false,
        "line_number": 154
      },
      {
        "type": "Secret Keyword",
        "filename": ".agents/skills/MCP Integration/references/authentication.md",
        "hashed_secret": "91dfd9ddb4198affc5c194cd8ce6d338fde470e2",
        "is_verified": false,
        "line_number": 199
      },
      {
        "type": "Secret Keyword",
        "filename": ".agents/skills/MCP Integration/references/authentication.md",
        "hashed_secret": "5baa61e4c9b93f3f0682250b6cf8331b7ee68fd8",
        "is_verified": false,
        "line_number": 212
      }
    ],
    ".agents/skills/SQL Injection Testing/SKILL.md": [
      {
        "type": "Secret Keyword",
        "filename": ".agents/skills/SQL Injection Testing/SKILL.md",
        "hashed_secret": "140f86aae51ab9e1cda9b4254fe98a74eb54c1a1",
        "is_verified": false,
        "line_number": 209
      },
      {
        "type": "Secret Keyword",
        "filename": ".agents/skills/SQL Injection Testing/SKILL.md",
        "hashed_secret": "8867c88b56e0bfb82cffaf15a66bc8d107d6754a",
        "is_verified": false,
        "line_number": 212
      }
    ],
    ".agents/skills/Shodan Reconnaissance and Pentesting/SKILL.md": [
      {
        "type": "Secret Keyword",
        "filename": ".agents/skills/Shodan Reconnaissance and Pentesting/SKILL.md",
        "hashed_secret": "1e3667aaaaa887721550cf5cc8a0c5c5760810ed",
        "is_verified": false,
        "line_number": 440
      }
    ],
    ".agents/skills/analyzing-on-chain-data/config/settings.yaml": [
      {
        "type": "Secret Keyword",
        "filename": ".agents/skills/analyzing-on-chain-data/config/settings.yaml",
        "hashed_secret": "c699c7705f0bd4d4e23335cba81fda0f0842a01f",
        "is_verified": false,
        "line_number": 12
      }
    ],
    ".agents/skills/api-contract/references/best-practices.md": [
      {
        "type": "Secret Keyword",
        "filename": ".agents/skills/api-contract/references/best-practices.md",
        "hashed_secret": "20b05c695ef1f14caa80ab1ce617d503ba9de093",
        "is_verified": false,
        "line_number": 22
      }
    ],
    ".agents/skills/api-contract/references/writing-endpoints.md": [
      {
        "type": "Secret Keyword",
        "filename": ".agents/skills/api-contract/references/writing-endpoints.md",
        "hashed_secret": "124e29d6d7f4847e0c97d2a1fc3a9a90c2d3ae88",
        "is_verified": false,
        "line_number": 16
      }
    ],
    ".agents/skills/api-documentation-generator/SKILL.md": [
      {
        "type": "Secret Keyword",
        "filename": ".agents/skills/api-documentation-generator/SKILL.md",
        "hashed_secret": "72559b51f94a7a3ad058c5740cbe2f7cb0d4080b",
        "is_verified": false,
        "line_number": 106
      },
      {
        "type": "Secret Keyword",
        "filename": ".agents/skills/api-documentation-generator/SKILL.md",
        "hashed_secret": "45d676e7c6ab44cf4b8fa366ef2d8fccd3e6d6e6",
        "is_verified": false,
        "line_number": 283
      }
    ],
    ".agents/skills/api-security-best-practices/SKILL.md": [
      {
        "type": "Secret Keyword",
        "filename": ".agents/skills/api-security-best-practices/SKILL.md",
        "hashed_secret": "01c92a77244f5e8e3b1e566c4a9266e724de6d98",
        "is_verified": false,
        "line_number": 732
      }
    ],
    ".agents/skills/apollo-enterprise-rbac/SKILL.md": [
      {
        "type": "Secret Keyword",
        "filename": ".agents/skills/apollo-enterprise-rbac/SKILL.md",
        "hashed_secret": "85a7ad27ceabac944378f18a11ee88dd83016d15",
        "is_verified": false,
        "line_number": 75
      }
    ],
    ".agents/skills/apollo-install-auth/SKILL.md": [
      {
        "type": "Secret Keyword",
        "filename": ".agents/skills/apollo-install-auth/SKILL.md",
        "hashed_secret": "11fa7c37d697f30e6aee828b4426a10f83ab2380",
        "is_verified": false,
        "line_number": 40
      }
    ],
    ".agents/skills/apollo-security-basics/SKILL.md": [
      {
        "type": "Secret Keyword",
        "filename": ".agents/skills/apollo-security-basics/SKILL.md",
        "hashed_secret": "96cdf64f7827b74d086712e064f55e800967cf7c",
        "is_verified": false,
        "line_number": 25
      }
    ],
    ".agents/skills/apollo-webhooks-events/SKILL.md": [
      {
        "type": "Secret Keyword",
        "filename": ".agents/skills/apollo-webhooks-events/SKILL.md",
        "hashed_secret": "e3694c1417723ec08d5b724fd101b28c5611ebd1",
        "is_verified": false,
        "line_number": 335
      }
    ],
    ".agents/skills/auditing-wallet-security/config/settings.yaml": [
      {
        "type": "Secret Keyword",
        "filename": ".agents/skills/auditing-wallet-security/config/settings.yaml",
        "hashed_secret": "33ea8f29f55ae4e5a6d4ae66d23930405f4e58cc",
        "is_verified": false,
        "line_number": 165
      }
    ],
    ".agents/skills/automating-database-backups/references/backup_best_practices.md": [
      {
        "type": "Secret Keyword",
        "filename": ".agents/skills/automating-database-backups/references/backup_best_practices.md",
        "hashed_secret": "a616a64c0fbc30f12287d0f24f3b90dd2e6a206e",
        "is_verified": false,
        "line_number": 102
      }
    ],
    ".agents/skills/automating-database-backups/references/mongodb_backup_restore.md": [
      {
        "type": "Basic Auth Credentials",
        "filename": ".agents/skills/automating-database-backups/references/mongodb_backup_restore.md",
        "hashed_secret": "5baa61e4c9b93f3f0682250b6cf8331b7ee68fd8",
        "is_verified": false,
        "line_number": 14
      },
      {
        "type": "Basic Auth Credentials",
        "filename": ".agents/skills/automating-database-backups/references/mongodb_backup_restore.md",
        "hashed_secret": "9d4e1e23bd5b727046a9e3b4b7db57bd8d6ee684",
        "is_verified": false,
        "line_number": 206
      },
      {
        "type": "Secret Keyword",
        "filename": ".agents/skills/automating-database-backups/references/mongodb_backup_restore.md",
        "hashed_secret": "a616a64c0fbc30f12287d0f24f3b90dd2e6a206e",
        "is_verified": false,
        "line_number": 217
      }
    ],
    ".agents/skills/building-recommendation-systems/assets/configuration_template.yaml": [
      {
        "type": "Secret Keyword",
        "filename": ".agents/skills/building-recommendation-systems/assets/configuration_template.yaml",
        "hashed_secret": "ffce7c4a64eadd5c6b444b5b1883b5ce0fb9de29",
        "is_verified": false,
        "line_number": 13
      }
    ],
    ".agents/skills/bun-development/SKILL.md": [
      {
        "type": "Secret Keyword",
        "filename": ".agents/skills/bun-development/SKILL.md",
        "hashed_secret": "4ea8d2335b430796cf3f500368c5b0f5b1dc90f5",
        "is_verified": false,
        "line_number": 377
      }
    ],
    ".agents/skills/clerk-local-dev-loop/SKILL.md": [
      {
        "type": "Secret Keyword",
        "filename": ".agents/skills/clerk-local-dev-loop/SKILL.md",
        "hashed_secret": "c18006fc138809314751cd1991f1e0b820fabd37",
        "is_verified": false,
        "line_number": 52
      }
    ],
    ".agents/skills/code-review-checklist/SKILL.md": [
      {
        "type": "Secret Keyword",
        "filename": ".agents/skills/code-review-checklist/SKILL.md",
        "hashed_secret": "18a40268350815c323ad3b0a538bd37dc8625500",
        "is_verified": false,
        "line_number": 177
      }
    ],
    ".agents/skills/coderabbit-install-auth/SKILL.md": [
      {
        "type": "Secret Keyword",
        "filename": ".agents/skills/coderabbit-install-auth/SKILL.md",
        "hashed_secret": "11fa7c37d697f30e6aee828b4426a10f83ab2380",
        "is_verified": false,
        "line_number": 40
      },
      {
        "type": "Base64 High Entropy String",
        "filename": ".agents/skills/coderabbit-install-auth/SKILL.md",
        "hashed_secret": "b60d66d0b6e48ecff231767b70818cd03aaea3ae",
        "is_verified": false,
        "line_number": 43
      }
    ],
    ".agents/skills/coderabbit-local-dev-loop/SKILL.md": [
      {
        "type": "Secret Keyword",
        "filename": ".agents/skills/coderabbit-local-dev-loop/SKILL.md",
        "hashed_secret": "3acfb2c2b433c0ea7ff107e33df91b18e52f960f",
        "is_verified": false,
        "line_number": 74
      }
    ],
    ".agents/skills/coderabbit-security-basics/SKILL.md": [
      {
        "type": "Secret Keyword",
        "filename": ".agents/skills/coderabbit-security-basics/SKILL.md",
        "hashed_secret": "53b8c73589554d948aa217f74a12a05092d0a906",
        "is_verified": false,
        "line_number": 43
      }
    ],
    ".agents/skills/coderabbit-upgrade-migration/SKILL.md": [
      {
        "type": "Secret Keyword",
        "filename": ".agents/skills/coderabbit-upgrade-migration/SKILL.md",
        "hashed_secret": "b60d121b438a380c343d5ec3c2037564b82ffef3",
        "is_verified": false,
        "line_number": 80
      }
    ],
    ".agents/skills/creating-kubernetes-deployments/assets/ingress_template.yaml": [
      {
        "type": "Secret Keyword",
        "filename": ".agents/skills/creating-kubernetes-deployments/assets/ingress_template.yaml",
        "hashed_secret": "7b4cef7ba030122a0ad5f02465cd807e6033f961",
        "is_verified": false,
        "line_number": 33
      }
    ],
    ".agents/skills/creating-kubernetes-deployments/assets/secret_template.yaml": [
      {
        "type": "Secret Keyword",
        "filename": ".agents/skills/creating-kubernetes-deployments/assets/secret_template.yaml",
        "hashed_secret": "184f976e59339db7db241234dd2389d27061bebd",
        "is_verified": false,
        "line_number": 32
      }
    ],
    ".agents/skills/creating-kubernetes-deployments/references/examples.md": [
      {
        "type": "Secret Keyword",
        "filename": ".agents/skills/creating-kubernetes-deployments/references/examples.md",
        "hashed_secret": "eea1ec9af2c84eedb8b1e3a292b69a9e69bf9d39",
        "is_verified": false,
        "line_number": 284
      },
      {
        "type": "Secret Keyword",
        "filename": ".agents/skills/creating-kubernetes-deployments/references/examples.md",
        "hashed_secret": "a74d74619aca80255d605d6ae3e1607344921126",
        "is_verified": false,
        "line_number": 373
      }
    ],
    ".agents/skills/creating-kubernetes-deployments/references/kubernetes_deployment_best_practices.md": [
      {
        "type": "Basic Auth Credentials",
        "filename": ".agents/skills/creating-kubernetes-deployments/references/kubernetes_deployment_best_practices.md",
        "hashed_secret": "9d4e1e23bd5b727046a9e3b4b7db57bd8d6ee684",
        "is_verified": false,
        "line_number": 213
      },
      {
        "type": "Secret Keyword",
        "filename": ".agents/skills/creating-kubernetes-deployments/references/kubernetes_deployment_best_practices.md",
        "hashed_secret": "eab8d52d34329709aa37f356807283034c6050aa",
        "is_verified": false,
        "line_number": 214
      }
    ],
    ".agents/skills/deploying-monitoring-stacks/assets/datadog_agent_config_template.yml": [
      {
        "type": "Secret Keyword",
        "filename": ".agents/skills/deploying-monitoring-stacks/assets/datadog_agent_config_template.yml",
        "hashed_secret": "d94fc07c4eb7a2466afb952dcddae9464ce5b793",
        "is_verified": false,
        "line_number": 13
      }
    ],
    ".agents/skills/detecting-sql-injection-vulnerabilities/references/critical-findings.md": [
      {
        "type": "Secret Keyword",
        "filename": ".agents/skills/detecting-sql-injection-vulnerabilities/references/critical-findings.md",
        "hashed_secret": "8867c88b56e0bfb82cffaf15a66bc8d107d6754a",
        "is_verified": false,
        "line_number": 23
      }
    ],
    ".agents/skills/environment-setup-guide/SKILL.md": [
      {
        "type": "Basic Auth Credentials",
        "filename": ".agents/skills/environment-setup-guide/SKILL.md",
        "hashed_secret": "5baa61e4c9b93f3f0682250b6cf8331b7ee68fd8",
        "is_verified": false,
        "line_number": 292
      }
    ],
    ".agents/skills/exploring-blockchain-data/config/settings.yaml": [
      {
        "type": "Secret Keyword",
        "filename": ".agents/skills/exploring-blockchain-data/config/settings.yaml",
        "hashed_secret": "33ea8f29f55ae4e5a6d4ae66d23930405f4e58cc",
        "is_verified": false,
        "line_number": 13
      },
      {
        "type": "Secret Keyword",
        "filename": ".agents/skills/exploring-blockchain-data/config/settings.yaml",
        "hashed_secret": "73e9221891fdf3d736fc7ae24aa1f0f0e0ec6285",
        "is_verified": false,
        "line_number": 19
      },
      {
        "type": "Secret Keyword",
        "filename": ".agents/skills/exploring-blockchain-data/config/settings.yaml",
        "hashed_secret": "7f3dc625092fb71008e5657a4c7085efe80b3a11",
        "is_verified": false,
        "line_number": 25
      },
      {
        "type": "Secret Keyword",
        "filename": ".agents/skills/exploring-blockchain-data/config/settings.yaml",
        "hashed_secret": "b9026ff2c5b984780805b5b8e02687aff86b5ffc",
        "is_verified": false,
        "line_number": 31
      },
      {
        "type": "Secret Keyword",
        "filename": ".agents/skills/exploring-blockchain-data/config/settings.yaml",
        "hashed_secret": "3467f0b697b8831d42b3b61a85ad3e8d7a924de2",
        "is_verified": false,
        "line_number": 37
      },
      {
        "type": "Secret Keyword",
        "filename": ".agents/skills/exploring-blockchain-data/config/settings.yaml",
        "hashed_secret": "4c121ee599e84f96558636e078c6593d91b73404",
        "is_verified": false,
        "line_number": 43
      },
      {
        "type": "Secret Keyword",
        "filename": ".agents/skills/exploring-blockchain-data/config/settings.yaml",
        "hashed_secret": "286af2a76c994283d00d47ceb1e956bd5c76d91c",
        "is_verified": false,
        "line_number": 49
      }
    ],
    ".agents/skills/exploring-blockchain-data/scripts/chain_client.py": [
      {
        "type": "Secret Keyword",
        "filename": ".agents/skills/exploring-blockchain-data/scripts/chain_client.py",
        "hashed_secret": "33ea8f29f55ae4e5a6d4ae66d23930405f4e58cc",
        "is_verified": false,
        "line_number": 44
      },
      {
        "type": "Secret Keyword",
        "filename": ".agents/skills/exploring-blockchain-data/scripts/chain_client.py",
        "hashed_secret": "73e9221891fdf3d736fc7ae24aa1f0f0e0ec6285",
        "is_verified": false,
        "line_number": 53
      },
      {
        "type": "Secret Keyword",
        "filename": ".agents/skills/exploring-blockchain-data/scripts/chain_client.py",
        "hashed_secret": "7f3dc625092fb71008e5657a4c7085efe80b3a11",
        "is_verified": false,
        "line_number": 62
      },
      {
        "type": "Secret Keyword",
        "filename": ".agents/skills/exploring-blockchain-data/scripts/chain_client.py",
        "hashed_secret": "b9026ff2c5b984780805b5b8e02687aff86b5ffc",
        "is_verified": false,
        "line_number": 71
      },
      {
        "type": "Secret Keyword",
        "filename": ".agents/skills/exploring-blockchain-data/scripts/chain_client.py",
        "hashed_secret": "3467f0b697b8831d42b3b61a85ad3e8d7a924de2",
        "is_verified": false,
        "line_number": 80
      },
      {
        "type": "Secret Keyword",
        "filename": ".agents/skills/exploring-blockchain-data/scripts/chain_client.py",
        "hashed_secret": "4c121ee599e84f96558636e078c6593d91b73404",
        "is_verified": false,
        "line_number": 89
      },
      {
        "type": "Secret Keyword",
        "filename": ".agents/skills/exploring-blockchain-data/scripts/chain_client.py",
        "hashed_secret": "286af2a76c994283d00d47ceb1e956bd5c76d91c",
        "is_verified": false,
        "line_number": 98
      }
    ],
    ".agents/skills/finding-arbitrage-opportunities/SKILL.md": [
      {
        "type": "Secret Keyword",
        "filename": ".agents/skills/finding-arbitrage-opportunities/SKILL.md",
        "hashed_secret": "6d9c68c603e465077bdd49c62347fe54717f83a3",
        "is_verified": false,
        "line_number": 52
      }
    ],
    ".agents/skills/finding-arbitrage-opportunities/references/implementation.md": [
      {
        "type": "Secret Keyword",
        "filename": ".agents/skills/finding-arbitrage-opportunities/references/implementation.md",
        "hashed_secret": "11fa7c37d697f30e6aee828b4426a10f83ab2380",
        "is_verified": false,
        "line_number": 94
      }
    ],
    ".agents/skills/firecrawl-install-auth/SKILL.md": [
      {
        "type": "Secret Keyword",
        "filename": ".agents/skills/firecrawl-install-auth/SKILL.md",
        "hashed_secret": "11fa7c37d697f30e6aee828b4426a10f83ab2380",
        "is_verified": false,
        "line_number": 40
      }
    ],
    ".agents/skills/firecrawl-known-pitfalls/SKILL.md": [
      {
        "type": "Secret Keyword",
        "filename": ".agents/skills/firecrawl-known-pitfalls/SKILL.md",
        "hashed_secret": "1bd46388847b6388c5eb41e0b823cbb1d889f6e6",
        "is_verified": false,
        "line_number": 86
      }
    ],
    ".agents/skills/firecrawl-local-dev-loop/SKILL.md": [
      {
        "type": "Secret Keyword",
        "filename": ".agents/skills/firecrawl-local-dev-loop/SKILL.md",
        "hashed_secret": "3acfb2c2b433c0ea7ff107e33df91b18e52f960f",
        "is_verified": false,
        "line_number": 74
      }
    ],
    ".agents/skills/firecrawl-security-basics/SKILL.md": [
      {
        "type": "Secret Keyword",
        "filename": ".agents/skills/firecrawl-security-basics/SKILL.md",
        "hashed_secret": "53b8c73589554d948aa217f74a12a05092d0a906",
        "is_verified": false,
        "line_number": 43
      }
    ],
    ".agents/skills/firecrawl-upgrade-migration/SKILL.md": [
      {
        "type": "Secret Keyword",
        "filename": ".agents/skills/firecrawl-upgrade-migration/SKILL.md",
        "hashed_secret": "b60d121b438a380c343d5ec3c2037564b82ffef3",
        "is_verified": false,
        "line_number": 80
      }
    ],
    ".agents/skills/fireflies-install-auth/SKILL.md": [
      {
        "type": "Secret Keyword",
        "filename": ".agents/skills/fireflies-install-auth/SKILL.md",
        "hashed_secret": "11fa7c37d697f30e6aee828b4426a10f83ab2380",
        "is_verified": false,
        "line_number": 40
      }
    ],
    ".agents/skills/fireflies-local-dev-loop/SKILL.md": [
      {
        "type": "Secret Keyword",
        "filename": ".agents/skills/fireflies-local-dev-loop/SKILL.md",
        "hashed_secret": "3acfb2c2b433c0ea7ff107e33df91b18e52f960f",
        "is_verified": false,
        "line_number": 74
      }
    ],
    ".agents/skills/fireflies-security-basics/SKILL.md": [
      {
        "type": "Secret Keyword",
        "filename": ".agents/skills/fireflies-security-basics/SKILL.md",
        "hashed_secret": "53b8c73589554d948aa217f74a12a05092d0a906",
        "is_verified": false,
        "line_number": 43
      }
    ],
    ".agents/skills/fireflies-upgrade-migration/SKILL.md": [
      {
        "type": "Secret Keyword",
        "filename": ".agents/skills/fireflies-upgrade-migration/SKILL.md",
        "hashed_secret": "b60d121b438a380c343d5ec3c2037564b82ffef3",
        "is_verified": false,
        "line_number": 80
      }
    ],
    ".agents/skills/generating-docker-compose-files/scripts/generate_env_file.py": [
      {
        "type": "Secret Keyword",
        "filename": ".agents/skills/generating-docker-compose-files/scripts/generate_env_file.py",
        "hashed_secret": "227ac13b6e14006a733b3b5e711633aa2032721f",
        "is_verified": false,
        "line_number": 42
      }
    ],
    ".agents/skills/google-cloud-agent-sdk-master/references/SKILL.full.md": [
      {
        "type": "Base64 High Entropy String",
        "filename": ".agents/skills/google-cloud-agent-sdk-master/references/SKILL.full.md",
        "hashed_secret": "c69bb37d928ad4bbae795e46caa146841e08d0f8",
        "is_verified": false,
        "line_number": 206
      }
    ],
    ".agents/skills/integrating-secrets-managers/assets/example_secrets.yaml": [
      {
        "type": "Secret Keyword",
        "filename": ".agents/skills/integrating-secrets-managers/assets/example_secrets.yaml",
        "hashed_secret": "fc1919a4b32d704bd6cd52b346fbb7e6e733555b",
        "is_verified": false,
        "line_number": 40
      },
      {
        "type": "Secret Keyword",
        "filename": ".agents/skills/integrating-secrets-managers/assets/example_secrets.yaml",
        "hashed_secret": "af8e36f0dc87b5b0c068325f29dbe56c6d3ca41b",
        "is_verified": false,
        "line_number": 54
      },
      {
        "type": "Secret Keyword",
        "filename": ".agents/skills/integrating-secrets-managers/assets/example_secrets.yaml",
        "hashed_secret": "ba10809c32ee610bd4557ad005de1a3c0eb167fc",
        "is_verified": false,
        "line_number": 77
      }
    ],
    ".agents/skills/langchain-common-errors/SKILL.md": [
      {
        "type": "Secret Keyword",
        "filename": ".agents/skills/langchain-common-errors/SKILL.md",
        "hashed_secret": "ec3810e10fb78db55ce38b9c18d1c3eb1db739e0",
        "is_verified": false,
        "line_number": 34
      },
      {
        "type": "Secret Keyword",
        "filename": ".agents/skills/langchain-common-errors/SKILL.md",
        "hashed_secret": "c7a8c334eef5d1749fface7d42c66f9ae5e8cf36",
        "is_verified": false,
        "line_number": 45
      },
      {
        "type": "Secret Keyword",
        "filename": ".agents/skills/langchain-common-errors/SKILL.md",
        "hashed_secret": "a4d0fee8f2ae3d08b60dd3e60385600f598422e5",
        "is_verified": false,
        "line_number": 208
      }
    ],
    ".agents/skills/langchain-debug-bundle/SKILL.md": [
      {
        "type": "Secret Keyword",
        "filename": ".agents/skills/langchain-debug-bundle/SKILL.md",
        "hashed_secret": "ec3810e10fb78db55ce38b9c18d1c3eb1db739e0",
        "is_verified": false,
        "line_number": 139
      }
    ],
    ".agents/skills/langchain-install-auth/SKILL.md": [
      {
        "type": "Secret Keyword",
        "filename": ".agents/skills/langchain-install-auth/SKILL.md",
        "hashed_secret": "d413f4d18c4c123dd52776f417b792efdec29c6a",
        "is_verified": false,
        "line_number": 43
      },
      {
        "type": "Secret Keyword",
        "filename": ".agents/skills/langchain-install-auth/SKILL.md",
        "hashed_secret": "a7979904021cdb66cf919115ca138702b6839e10",
        "is_verified": false,
        "line_number": 46
      },
      {
        "type": "Secret Keyword",
        "filename": ".agents/skills/langchain-install-auth/SKILL.md",
        "hashed_secret": "b647c132e01f0b23c150ac63f694bdb7cb3bdc1d",
        "is_verified": false,
        "line_number": 49
      }
    ],
    ".agents/skills/langchain-observability/SKILL.md": [
      {
        "type": "Secret Keyword",
        "filename": ".agents/skills/langchain-observability/SKILL.md",
        "hashed_secret": "7591fb258eb13020ecd4d7a6894aa78da58b1019",
        "is_verified": false,
        "line_number": 34
      }
    ],
    ".agents/skills/langchain-security-basics/SKILL.md": [
      {
        "type": "Secret Keyword",
        "filename": ".agents/skills/langchain-security-basics/SKILL.md",
        "hashed_secret": "a200967def1296094f1d05e89956b22e6542f561",
        "is_verified": false,
        "line_number": 30
      }
    ],
    ".agents/skills/langfuse/SKILL.md": [
      {
        "type": "Secret Keyword",
        "filename": ".agents/skills/langfuse/SKILL.md",
        "hashed_secret": "ec3810e10fb78db55ce38b9c18d1c3eb1db739e0",
        "is_verified": false,
        "line_number": 46
      }
    ],
    ".agents/skills/loki-mode/benchmarks/results/2026-01-05-00-49-17/humaneval-solutions/162.py": [
      {
        "type": "Hex High Entropy String",
        "filename": ".agents/skills/loki-mode/benchmarks/results/2026-01-05-00-49-17/humaneval-solutions/162.py",
        "hashed_secret": "b71121116b52d8d0cbeb5c29e6eb95a7b575fbf4",
        "is_verified": false,
        "line_number": 6
      }
    ],
    ".agents/skills/loki-mode/benchmarks/results/2026-01-05-00-49-17/humaneval-solutions/78.py": [
      {
        "type": "Hex High Entropy String",
        "filename": ".agents/skills/loki-mode/benchmarks/results/2026-01-05-00-49-17/humaneval-solutions/78.py",
        "hashed_secret": "e530634a3281b367aef4765eb0de49a65e6d0ba3",
        "is_verified": false,
        "line_number": 16
      }
    ],
    ".agents/skills/loki-mode/benchmarks/results/humaneval-loki-solutions/162.py": [
      {
        "type": "Hex High Entropy String",
        "filename": ".agents/skills/loki-mode/benchmarks/results/humaneval-loki-solutions/162.py",
        "hashed_secret": "b71121116b52d8d0cbeb5c29e6eb95a7b575fbf4",
        "is_verified": false,
        "line_number": 11
      }
    ],
    ".agents/skills/loki-mode/benchmarks/results/humaneval-loki-solutions/78.py": [
      {
        "type": "Hex High Entropy String",
        "filename": ".agents/skills/loki-mode/benchmarks/results/humaneval-loki-solutions/78.py",
        "hashed_secret": "e530634a3281b367aef4765eb0de49a65e6d0ba3",
        "is_verified": false,
        "line_number": 21
      }
    ],
    ".agents/skills/loki-mode/references/deployment.md": [
      {
        "type": "Secret Keyword",
        "filename": ".agents/skills/loki-mode/references/deployment.md",
        "hashed_secret": "bb0866e03c512995f35a4bc23e6882ec239a39f5",
        "is_verified": false,
        "line_number": 293
      }
    ],
    ".agents/skills/managing-database-recovery/scripts/validate_backup.sh": [
      {
        "type": "Basic Auth Credentials",
        "filename": ".agents/skills/managing-database-recovery/scripts/validate_backup.sh",
        "hashed_secret": "9d4e1e23bd5b727046a9e3b4b7db57bd8d6ee684",
        "is_verified": false,
        "line_number": 60
      }
    ],
    ".agents/skills/managing-database-tests/assets/docker-compose.yml": [
      {
        "type": "Secret Keyword",
        "filename": ".agents/skills/managing-database-tests/assets/docker-compose.yml",
        "hashed_secret": "9fb7fe1217aed442b04c0f5e43b5d5a7d3287097",
        "is_verified": false,
        "line_number": 10
      },
      {
        "type": "Secret Keyword",
        "filename": ".agents/skills/managing-database-tests/assets/docker-compose.yml",
        "hashed_secret": "bb68f4c90c0332dda68e1d5088a3d241432d5b4f",
        "is_verified": false,
        "line_number": 28
      }
    ],
    ".agents/skills/managing-test-environments/assets/docker-compose-template.yml": [
      {
        "type": "Secret Keyword",
        "filename": ".agents/skills/managing-test-environments/assets/docker-compose-template.yml",
        "hashed_secret": "b7cc0748b4282ace5f9aeec50119802557985cc5",
        "is_verified": false,
        "line_number": 16
      },
      {
        "type": "Basic Auth Credentials",
        "filename": ".agents/skills/managing-test-environments/assets/docker-compose-template.yml",
        "hashed_secret": "b7cc0748b4282ace5f9aeec50119802557985cc5",
        "is_verified": false,
        "line_number": 39
      }
    ],
    ".agents/skills/orchestrating-deployment-pipelines/assets/example_config.yaml": [
      {
        "type": "Secret Keyword",
        "filename": ".agents/skills/orchestrating-deployment-pipelines/assets/example_config.yaml",
        "hashed_secret": "8d132961b55e5aea5678efd982f1d3ecd63e7630",
        "is_verified": false,
        "line_number": 16
      },
      {
        "type": "Secret Keyword",
        "filename": ".agents/skills/orchestrating-deployment-pipelines/assets/example_config.yaml",
        "hashed_secret": "dd21677d4cda44a78a906808ed2c8f556629f79f",
        "is_verified": false,
        "line_number": 29
      },
      {
        "type": "Secret Keyword",
        "filename": ".agents/skills/orchestrating-deployment-pipelines/assets/example_config.yaml",
        "hashed_secret": "1b1fc07d1756bcc68c02517aa5e71d2561500b82",
        "is_verified": false,
        "line_number": 51
      }
    ],
    ".agents/skills/performing-security-code-review/assets/example_code_secure.py": [
      {
        "type": "Secret Keyword",
        "filename": ".agents/skills/performing-security-code-review/assets/example_code_secure.py",
        "hashed_secret": "33a5c3270038edc370f609b9917575b9342e3286",
        "is_verified": false,
        "line_number": 181
      }
    ],
    ".agents/skills/playwright-skill/API_REFERENCE.md": [
      {
        "type": "Secret Keyword",
        "filename": ".agents/skills/playwright-skill/API_REFERENCE.md",
        "hashed_secret": "f0578f1e7174b1a41c4ea8c6e17f7a8a3b88c92a",
        "is_verified": false,
        "line_number": 525
      },
      {
        "type": "Secret Keyword",
        "filename": ".agents/skills/playwright-skill/API_REFERENCE.md",
        "hashed_secret": "8be52126a6fde450a7162a3651d589bb51e9579d",
        "is_verified": false,
        "line_number": 526
      }
    ],
    ".agents/skills/plugin-auditor/references/audit-categories.md": [
      {
        "type": "Private Key",
        "filename": ".agents/skills/plugin-auditor/references/audit-categories.md",
        "hashed_secret": "1348b145fa1a555461c1b790a2f66614781091e9",
        "is_verified": false,
        "line_number": 10
      }
    ],
    ".agents/skills/plugin-validator/references/validation-checks.md": [
      {
        "type": "Private Key",
        "filename": ".agents/skills/plugin-validator/references/validation-checks.md",
        "hashed_secret": "1348b145fa1a555461c1b790a2f66614781091e9",
        "is_verified": false,
        "line_number": 94
      }
    ],
    ".agents/skills/prisma-expert/SKILL.md": [
      {
        "type": "Basic Auth Credentials",
        "filename": ".agents/skills/prisma-expert/SKILL.md",
        "hashed_secret": "9d4e1e23bd5b727046a9e3b4b7db57bd8d6ee684",
        "is_verified": false,
        "line_number": 249
      }
    ],
    ".agents/skills/production-code-audit/SKILL.md": [
      {
        "type": "Secret Keyword",
        "filename": ".agents/skills/production-code-audit/SKILL.md",
        "hashed_secret": "bbc5def5ff61d2066dee44345c9cbd3f1446d78a",
        "is_verified": false,
        "line_number": 149
      },
      {
        "type": "Secret Keyword",
        "filename": ".agents/skills/production-code-audit/SKILL.md",
        "hashed_secret": "159edc57e61c7049fadf981c510e6e01ab361174",
        "is_verified": false,
        "line_number": 281
      }
    ],
    ".agents/skills/security-review/SKILL.md": [
      {
        "type": "Secret Keyword",
        "filename": ".agents/skills/security-review/SKILL.md",
        "hashed_secret": "36cc070f10e2d5e10a30051412cbfca26665ca26",
        "is_verified": false,
        "line_number": 28
      },
      {
        "type": "Secret Keyword",
        "filename": ".agents/skills/security-review/SKILL.md",
        "hashed_secret": "cbfdac6008f9cab4083784cbd1874f76618d2a97",
        "is_verified": false,
        "line_number": 29
      }
    ],
    ".agents/skills/sentry-migration-deep-dive/references/migration-from-bugsnag.md": [
      {
        "type": "Secret Keyword",
        "filename": ".agents/skills/sentry-migration-deep-dive/references/migration-from-bugsnag.md",
        "hashed_secret": "b61fda602561892d0877c2b1579e558578b9da89",
        "is_verified": false,
        "line_number": 9
      }
    ],
    ".agents/skills/shopify-development/scripts/tests/test_shopify_init.py": [
      {
        "type": "Secret Keyword",
        "filename": ".agents/skills/shopify-development/scripts/tests/test_shopify_init.py",
        "hashed_secret": "00942f4668670f34c5943cf52c7ef3139fe2b8d6",
        "is_verified": false,
        "line_number": 36
      },
      {
        "type": "Secret Keyword",
        "filename": ".agents/skills/shopify-development/scripts/tests/test_shopify_init.py",
        "hashed_secret": "72cb70dbbafe97e5ea13ad88acd65d08389439b0",
        "is_verified": false,
        "line_number": 37
      },
      {
        "type": "Secret Keyword",
        "filename": ".agents/skills/shopify-development/scripts/tests/test_shopify_init.py",
        "hashed_secret": "fdc2ddcbe63ba8106a955d6f2bd8d4b82cb653b3",
        "is_verified": false,
        "line_number": 110
      },
      {
        "type": "Secret Keyword",
        "filename": ".agents/skills/shopify-development/scripts/tests/test_shopify_init.py",
        "hashed_secret": "a62f2225bf70bfaccbc7f1ef2a397836717377de",
        "is_verified": false,
        "line_number": 370
      },
      {
        "type": "Secret Keyword",
        "filename": ".agents/skills/shopify-development/scripts/tests/test_shopify_init.py",
        "hashed_secret": "e5e9fa1ba31ecd1ae84f75caaa474f3a663f05f4",
        "is_verified": false,
        "line_number": 371
      }
    ],
    ".agents/skills/skill-adapter/assets/plugin_selection_rules.yaml": [
      {
        "type": "Secret Keyword",
        "filename": ".agents/skills/skill-adapter/assets/plugin_selection_rules.yaml",
        "hashed_secret": "0e55c3c78fce7c195b4c3d4cf0c992476c6fedc4",
        "is_verified": false,
        "line_number": 87
      }
    ],
    ".agents/skills/supabase-install-auth/SKILL.md": [
      {
        "type": "Secret Keyword",
        "filename": ".agents/skills/supabase-install-auth/SKILL.md",
        "hashed_secret": "11fa7c37d697f30e6aee828b4426a10f83ab2380",
        "is_verified": false,
        "line_number": 40
      }
    ],
    ".agents/skills/supabase-local-dev-loop/references/implementation.md": [
      {
        "type": "Secret Keyword",
        "filename": ".agents/skills/supabase-local-dev-loop/references/implementation.md",
        "hashed_secret": "3acfb2c2b433c0ea7ff107e33df91b18e52f960f",
        "is_verified": false,
        "line_number": 49
      }
    ],
    ".agents/skills/supabase-postgres-best-practices/AGENTS.md": [
      {
        "type": "Secret Keyword",
        "filename": ".agents/skills/supabase-postgres-best-practices/AGENTS.md",
        "hashed_secret": "b60d121b438a380c343d5ec3c2037564b82ffef3",
        "is_verified": false,
        "line_number": 472
      }
    ],
    ".agents/skills/supabase-postgres-best-practices/rules/security-privileges.md": [
      {
        "type": "Secret Keyword",
        "filename": ".agents/skills/supabase-postgres-best-practices/rules/security-privileges.md",
        "hashed_secret": "b60d121b438a380c343d5ec3c2037564b82ffef3",
        "is_verified": false,
        "line_number": 42
      }
    ],
    ".agents/skills/supabase-security-basics/references/implementation.md": [
      {
        "type": "Secret Keyword",
        "filename": ".agents/skills/supabase-security-basics/references/implementation.md",
        "hashed_secret": "53b8c73589554d948aa217f74a12a05092d0a906",
        "is_verified": false,
        "line_number": 19
      }
    ],
    ".agents/skills/supabase-upgrade-migration/references/examples.md": [
      {
        "type": "Secret Keyword",
        "filename": ".agents/skills/supabase-upgrade-migration/references/examples.md",
        "hashed_secret": "b60d121b438a380c343d5ec3c2037564b82ffef3",
        "is_verified": false,
        "line_number": 19
      }
    ],
    ".agents/skills/testing-visual-regression/assets/example_percy_config.yml": [
      {
        "type": "Secret Keyword",
        "filename": ".agents/skills/testing-visual-regression/assets/example_percy_config.yml",
        "hashed_secret": "1e3667aaaaa887721550cf5cc8a0c5c5760810ed",
        "is_verified": false,
        "line_number": 36
      }
    ],
    ".agents/skills/tracking-crypto-derivatives/references/implementation.md": [
      {
        "type": "Secret Keyword",
        "filename": ".agents/skills/tracking-crypto-derivatives/references/implementation.md",
        "hashed_secret": "6d9c68c603e465077bdd49c62347fe54717f83a3",
        "is_verified": false,
        "line_number": 401
      },
      {
        "type": "Secret Keyword",
        "filename": ".agents/skills/tracking-crypto-derivatives/references/implementation.md",
        "hashed_secret": "29c32f233d04598b3181c0e27ea0ec7a5c949297",
        "is_verified": false,
        "line_number": 402
      }
    ],
    ".agents/skills/tracking-regression-tests/assets/example_test_history.json": [
      {
        "type": "Hex High Entropy String",
        "filename": ".agents/skills/tracking-regression-tests/assets/example_test_history.json",
        "hashed_secret": "5cd6998573423eccecf7b8eaf923125bbfdde3e2",
        "is_verified": false,
        "line_number": 12
      },
      {
        "type": "Hex High Entropy String",
        "filename": ".agents/skills/tracking-regression-tests/assets/example_test_history.json",
        "hashed_secret": "95f1e17bde49da47e5eb07221d8ce359d0105551",
        "is_verified": false,
        "line_number": 63
      }
    ],
    ".agents/skills/validating-api-contracts/assets/config_template.yaml": [
      {
        "type": "Secret Keyword",
        "filename": ".agents/skills/validating-api-contracts/assets/config_template.yaml",
        "hashed_secret": "184f976e59339db7db241234dd2389d27061bebd",
        "is_verified": false,
        "line_number": 25
      }
    ],
    ".agents/skills/voice-ai-development/SKILL.md": [
      {
        "type": "Secret Keyword",
        "filename": ".agents/skills/voice-ai-development/SKILL.md",
        "hashed_secret": "ec3810e10fb78db55ce38b9c18d1c3eb1db739e0",
        "is_verified": false,
        "line_number": 47
      }
    ],
    ".agents/skills/yaml-master/references/SKILL.full.md": [
      {
        "type": "Basic Auth Credentials",
        "filename": ".agents/skills/yaml-master/references/SKILL.full.md",
        "hashed_secret": "9d4e1e23bd5b727046a9e3b4b7db57bd8d6ee684",
        "is_verified": false,
        "line_number": 617
      }
    ],
    ".agents/skills/zai-cli/SKILL.md": [
      {
        "type": "Secret Keyword",
        "filename": ".agents/skills/zai-cli/SKILL.md",
        "hashed_secret": "6d9c68c603e465077bdd49c62347fe54717f83a3",
        "is_verified": false,
        "line_number": 31
      }
    ],
    ".agents/skills/zai-cli/references/errors.md": [
      {
        "type": "Secret Keyword",
        "filename": ".agents/skills/zai-cli/references/errors.md",
        "hashed_secret": "11fa7c37d697f30e6aee828b4426a10f83ab2380",
        "is_verified": false,
        "line_number": 5
      }
    ],
    ".cache_ggshield": [
      {
        "type": "Hex High Entropy String",
        "filename": ".cache_ggshield",
        "hashed_secret": "447d9a88dc68f1f4629650aac8e40eb1b2368817",
        "is_verified": false,
        "line_number": 1
      }
    ],
    ".env.example": [
      {
        "type": "Basic Auth Credentials",
        "filename": ".env.example",
        "hashed_secret": "5baa61e4c9b93f3f0682250b6cf8331b7ee68fd8",
        "is_verified": false,
        "line_number": 71
      }
    ],
    ".env.production.example": [
      {
        "type": "Basic Auth Credentials",
        "filename": ".env.production.example",
        "hashed_secret": "5baa61e4c9b93f3f0682250b6cf8331b7ee68fd8",
        "is_verified": false,
        "line_number": 52
      },
      {
        "type": "Basic Auth Credentials",
        "filename": ".env.production.example",
        "hashed_secret": "ea0c04513c32717f3a09ff7b1fa882c4d8424b2a",
        "is_verified": false,
        "line_number": 53
      }
    ],
    ".github/workflows/ci.yml": [
      {
        "type": "Secret Keyword",
        "filename": ".github/workflows/ci.yml",
        "hashed_secret": "b5d03b68506f1d72893169bc485a3f4ab156b73c",
        "is_verified": false,
        "line_number": 43
      }
    ],
    ".github/workflows/deploy.yml": [
      {
        "type": "Secret Keyword",
        "filename": ".github/workflows/deploy.yml",
        "hashed_secret": "23dbd7a2322ecda0f1d50fedfd4428061ece733d",
        "is_verified": false,
        "line_number": 37
      }
    ],
    ".github/workflows/django.yml": [
      {
        "type": "Secret Keyword",
        "filename": ".github/workflows/django.yml",
        "hashed_secret": "afc848c316af1a89d49826c5ae9d00ed769415f3",
        "is_verified": false,
        "line_number": 17
      },
      {
        "type": "Basic Auth Credentials",
        "filename": ".github/workflows/django.yml",
        "hashed_secret": "afc848c316af1a89d49826c5ae9d00ed769415f3",
        "is_verified": false,
        "line_number": 53
      }
    ],
    ".github/workflows/docker.yml": [
      {
        "type": "Secret Keyword",
        "filename": ".github/workflows/docker.yml",
        "hashed_secret": "71972514131d8a16ddeaff9b68068f82389b2728",
        "is_verified": false,
        "line_number": 46
      }
    ],
    ".github/workflows/upstream-agents.yml": [
      {
        "type": "Secret Keyword",
        "filename": ".github/workflows/upstream-agents.yml",
        "hashed_secret": "b5d03b68506f1d72893169bc485a3f4ab156b73c",
        "is_verified": false,
        "line_number": 31
      }
    ],
    "AUTHENTICATION_GUIDE.md": [
      {
        "type": "Secret Keyword",
        "filename": "AUTHENTICATION_GUIDE.md",
        "hashed_secret": "a616a64c0fbc30f12287d0f24f3b90dd2e6a206e",
        "is_verified": false,
        "line_number": 54
      },
      {
        "type": "Secret Keyword",
        "filename": "AUTHENTICATION_GUIDE.md",
        "hashed_secret": "463d8353f4b927fd953e5af7c41084183e8ce5fb",
        "is_verified": false,
        "line_number": 288
      }
    ],
    "DEPLOYMENT_GUIDE.md": [
      {
        "type": "Secret Keyword",
        "filename": "DEPLOYMENT_GUIDE.md",
        "hashed_secret": "a74d74619aca80255d605d6ae3e1607344921126",
        "is_verified": false,
        "line_number": 132
      },
      {
        "type": "Basic Auth Credentials",
        "filename": "DEPLOYMENT_GUIDE.md",
        "hashed_secret": "a74d74619aca80255d605d6ae3e1607344921126",
        "is_verified": false,
        "line_number": 144
      },
      {
        "type": "Basic Auth Credentials",
        "filename": "DEPLOYMENT_GUIDE.md",
        "hashed_secret": "d2fc8aea2ac6583883e1070f252be60b35b0aef6",
        "is_verified": false,
        "line_number": 1223
      }
    ],
    "README.md": [
      {
        "type": "Secret Keyword",
        "filename": "README.md",
        "hashed_secret": "006f672d5f46e31c022a711c046f7ff6aea94000",
        "is_verified": false,
        "line_number": 87
      }
    ],
    "SETTINGS_GUIDE.md": [
      {
        "type": "Basic Auth Credentials",
        "filename": "SETTINGS_GUIDE.md",
        "hashed_secret": "5baa61e4c9b93f3f0682250b6cf8331b7ee68fd8",
        "is_verified": false,
        "line_number": 104
      }
    ],
    "backup_payrixa_20260124_085129/payrixa/tests_api.py": [
      {
        "type": "Secret Keyword",
        "filename": "backup_payrixa_20260124_085129/payrixa/tests_api.py",
        "hashed_secret": "1c58bd92003bbaa0538e249fff6ee19a270dec5f",
        "is_verified": false,
        "line_number": 45
      },
      {
        "type": "Secret Keyword",
        "filename": "backup_payrixa_20260124_085129/payrixa/tests_api.py",
        "hashed_secret": "d8ecf7db8fc9ec9c31bc5c9ae2929cc599c75f8d",
        "is_verified": false,
        "line_number": 184
      }
    ],
    "backup_payrixa_20260124_085129/payrixa/tests_delivery.py": [
      {
        "type": "Secret Keyword",
        "filename": "backup_payrixa_20260124_085129/payrixa/tests_delivery.py",
        "hashed_secret": "233243ef95e736679cb1d5664a4c71ba89c10664",
        "is_verified": false,
        "line_number": 405
      },
      {
        "type": "Secret Keyword",
        "filename": "backup_payrixa_20260124_085129/payrixa/tests_delivery.py",
        "hashed_secret": "72cb70dbbafe97e5ea13ad88acd65d08389439b0",
        "is_verified": false,
        "line_number": 413
      }
    ],
    "backup_payrixa_20260124_085129/payrixa/tests_tenant_isolation.py": [
      {
        "type": "Secret Keyword",
        "filename": "backup_payrixa_20260124_085129/payrixa/tests_tenant_isolation.py",
        "hashed_secret": "d033e22ae348aeb5660fc2140aec35850c4da997",
        "is_verified": false,
        "line_number": 260
      }
    ],
    "docs/DATABASE_CONNECTION_POOLING.md": [
      {
        "type": "Basic Auth Credentials",
        "filename": "docs/DATABASE_CONNECTION_POOLING.md",
        "hashed_secret": "9d4e1e23bd5b727046a9e3b4b7db57bd8d6ee684",
        "is_verified": false,
        "line_number": 144
      }
    ],
    "docs/TESTING.md": [
      {
        "type": "Secret Keyword",
        "filename": "docs/TESTING.md",
        "hashed_secret": "1c58bd92003bbaa0538e249fff6ee19a270dec5f",
        "is_verified": false,
        "line_number": 257
      }
    ],
    "locustfile.py": [
      {
        "type": "Secret Keyword",
        "filename": "locustfile.py",
        "hashed_secret": "1c58bd92003bbaa0538e249fff6ee19a270dec5f",
        "is_verified": false,
        "line_number": 26
      },
      {
        "type": "Secret Keyword",
        "filename": "locustfile.py",
        "hashed_secret": "f865b53623b121fd34ee5426c792e5c33af8c227",
        "is_verified": false,
        "line_number": 82
      }
    ],
    "test_api_date_validation.py": [
      {
        "type": "Secret Keyword",
        "filename": "test_api_date_validation.py",
        "hashed_secret": "1c58bd92003bbaa0538e249fff6ee19a270dec5f",
        "is_verified": false,
        "line_number": 40
      }
    ],
    "test_csv_upload_refactoring.py": [
      {
        "type": "Secret Keyword",
        "filename": "test_csv_upload_refactoring.py",
        "hashed_secret": "1c58bd92003bbaa0538e249fff6ee19a270dec5f",
        "is_verified": false,
        "line_number": 42
      }
    ],
    "test_delayguard.py": [
      {
        "type": "Secret Keyword",
        "filename": "test_delayguard.py",
        "hashed_secret": "1c58bd92003bbaa0538e249fff6ee19a270dec5f",
        "is_verified": false,
        "line_number": 210
      }
    ],
    "test_monitoring.py": [
      {
        "type": "Secret Keyword",
        "filename": "test_monitoring.py",
        "hashed_secret": "1c58bd92003bbaa0538e249fff6ee19a270dec5f",
        "is_verified": false,
        "line_number": 135
      }
    ],
    "test_n_plus_one_optimizations.py": [
      {
        "type": "Secret Keyword",
        "filename": "test_n_plus_one_optimizations.py",
        "hashed_secret": "1c58bd92003bbaa0538e249fff6ee19a270dec5f",
        "is_verified": false,
        "line_number": 38
      }
    ],
    "test_unique_hash_constraints.py": [
      {
        "type": "Hex High Entropy String",
        "filename": "test_unique_hash_constraints.py",
        "hashed_secret": "90bd1b48e958257948487b90bee080ba5ed00caa",
        "is_verified": false,
        "line_number": 52
      }
    ],
    "upstream/api/tests.py": [
      {
        "type": "Secret Keyword",
        "filename": "upstream/api/tests.py",
        "hashed_secret": "1c58bd92003bbaa0538e249fff6ee19a270dec5f",
        "is_verified": false,
        "line_number": 169
      }
    ],
    "upstream/ingestion/tests.py": [
      {
        "type": "Secret Keyword",
        "filename": "upstream/ingestion/tests.py",
        "hashed_secret": "1c58bd92003bbaa0538e249fff6ee19a270dec5f",
        "is_verified": false,
        "line_number": 27
      }
    ],
    "upstream/management/commands/audit_code_quality.py": [
      {
        "type": "Secret Keyword",
        "filename": "upstream/management/commands/audit_code_quality.py",
        "hashed_secret": "5f4a8f5e726fb173492ab13cb928382b354faf5c",
        "is_verified": false,
        "line_number": 423
      },
      {
        "type": "Secret Keyword",
        "filename": "upstream/management/commands/audit_code_quality.py",
        "hashed_secret": "d8705dffa608751694be1b336c915dc139384f05",
        "is_verified": false,
        "line_number": 424
      },
      {
        "type": "Secret Keyword",
        "filename": "upstream/management/commands/audit_code_quality.py",
        "hashed_secret": "59b50fb3d167c499acbf762d7afbfab470258ce4",
        "is_verified": false,
        "line_number": 434
      },
      {
        "type": "Secret Keyword",
        "filename": "upstream/management/commands/audit_code_quality.py",
        "hashed_secret": "9c02ac69886825db02f88b548ba6f8691e6c5d5f",
        "is_verified": false,
        "line_number": 435
      }
    ],
    "upstream/products/driftwatch/tests.py": [
      {
        "type": "Secret Keyword",
        "filename": "upstream/products/driftwatch/tests.py",
        "hashed_secret": "9d4e1e23bd5b727046a9e3b4b7db57bd8d6ee684",
        "is_verified": false,
        "line_number": 36
      }
    ],
    "upstream/tests_api.py": [
      {
        "type": "Secret Keyword",
        "filename": "upstream/tests_api.py",
        "hashed_secret": "1c58bd92003bbaa0538e249fff6ee19a270dec5f",
        "is_verified": false,
        "line_number": 51
      },
      {
        "type": "Secret Keyword",
        "filename": "upstream/tests_api.py",
        "hashed_secret": "d8ecf7db8fc9ec9c31bc5c9ae2929cc599c75f8d",
        "is_verified": false,
        "line_number": 182
      }
    ],
    "upstream/tests_delivery.py": [
      {
        "type": "Secret Keyword",
        "filename": "upstream/tests_delivery.py",
        "hashed_secret": "233243ef95e736679cb1d5664a4c71ba89c10664",
        "is_verified": false,
        "line_number": 416
      },
      {
        "type": "Secret Keyword",
        "filename": "upstream/tests_delivery.py",
        "hashed_secret": "72cb70dbbafe97e5ea13ad88acd65d08389439b0",
        "is_verified": false,
        "line_number": 424
      }
    ],
    "upstream/tests_integration_security.py": [
      {
        "type": "Secret Keyword",
        "filename": "upstream/tests_integration_security.py",
        "hashed_secret": "1c58bd92003bbaa0538e249fff6ee19a270dec5f",
        "is_verified": false,
        "line_number": 473
      }
    ],
    "upstream/tests_logging.py": [
      {
        "type": "Secret Keyword",
        "filename": "upstream/tests_logging.py",
        "hashed_secret": "206c80413b9a96c1312cc346b7d2517b84463edd",
        "is_verified": false,
        "line_number": 98
      }
    ],
    "upstream/tests_tenant_isolation.py": [
      {
        "type": "Secret Keyword",
        "filename": "upstream/tests_tenant_isolation.py",
        "hashed_secret": "d033e22ae348aeb5660fc2140aec35850c4da997",
        "is_verified": false,
        "line_number": 268
      }
    ]
  },
  "generated_at": "2026-01-26T21:59:47Z"
}
